[ Info: [Turing]: progress logging is disabled globally
==============================================================================
STEP 0  Bayesian activity-power regression (pure Julia; NUTS 4 chains x 2000 draws)
  data folder : C:\\Users\\shubh\\Desktop\\Bayesian Regression
  writing     : c:\Users\shubh\Desktop\MPC\Approach 2\Shrinking_Horizon\data\input_data\parameters.csv
==============================================================================
  built 25 equations from 12 file(s)
┌ Warning: Only a single thread available: MCMC chains are not sampled in parallel
└ @ AbstractMCMC C:\Users\shubh\.julia\packages\AbstractMCMC\C1aKp\src\sample.jl:544
┌ Info: Found initial step size
└   ϵ = 1.52587890625e-6
┌ Info: Found initial step size
└   ϵ = 3.814697265625e-7
┌ Info: Found initial step size
└   ϵ = 7.62939453125e-7
┌ Info: Found initial step size
└   ϵ = 1.220703125e-5
STEP 0 done in 16.0 s; parameters.csv refreshed.
  fitted means : dig=4.791 load=3.161 trv=4.707 kW
  fitted sds   : dig=0.213 load=0.184 trv=0.382 kW
Running Approach 0 (one-shot 8:00 plan, executed open-loop, no replanning): 96 steps
  plant                  : :sampled (stochastic -- realized power drawn from the shared pool)
  planning power (mu)    : [4.79, 3.16, 4.71, 0.0] kW
  plant sampling sd      : [0.21, 0.18, 0.38, 0.0] kW
  solver time limit      : none (solve to the MIP gap)
Approach 0 one-shot (plant = :sampled) done in 8.2 s (96 plant realizations)
  NOTE: 1 intervals had work CAPPED by available CEV energy (task could not fully
        complete before hitting the SOE floor); the shortfall is reflected honestly in
        rem_dig/rem_load.
Running Approach 2 (STOCHASTIC scenario-based MPC, 15-min steps, shrinking horizon): 96 steps
  scenarios / re-solve : 5 (equal-weight, resampled fresh every window)
  plant                : :sampled (stochastic -- realized power drawn from the shared pool)
  posterior mean (mu)  : [4.79, 3.16, 4.71, 0.0] kW
  posterior std  (sd)  : [0.21, 0.18, 0.38, 0.0] kW  (scenario sampling spread)
  plant sampling sd    : [0.21, 0.18, 0.38, 0.0] kW
  solver time limit    : none (solve each window to the MIP gap)
Approach 2 (stochastic, 5 scenarios, plant = :sampled) done in 900.9 s (96 plant realizations)
  posterior mean (mu)    : [4.79, 3.16, 4.71, 0.0] kW
  posterior std  (sd)    : [0.21, 0.18, 0.38, 0.0] kW
  plant sampling sd      : [0.21, 0.18, 0.38, 0.0] kW

==== Scenario 1 closed-loop KPIs (full 24 h horizon: 08:00 -> 08:00 next day) ====
Total grid energy   : 31.64 kWh
Total energy cost   : $10.07
Total CO2 emissions : 8.60 kg
NC peak demand      : 2.88 kW
On-peak demand      : 0.00 kW
Missed work (hours) : 0.00
Labour (towing)     : $125.00  (0.50 h in transit @ $250.00/h)
CEV SOE at horizon  : [14.8] kWh (target [14.8])
MCS SOE at horizon  : [250.0] kWh (target [250.0])

==== Approach comparison (both fully realised) ====
A0 one-shot, sampled plant (open loop)  : $197.36  (0.50 h transit, 0.00 h missed)
A2 stochastic closed loop (5 scenarios) : $193.37  (0.50 h transit, 0.00 h missed)
  A2 - A0 (value of hedging + re-planning)    : -3.99  (negative = A2 cheaper)
  NOTE: 1 interval(s) had work capped by available CEV energy -- the
           shortfall is reflected honestly in rem_dig/rem_load, not hidden.

Results written to: c:\Users\shubh\Desktop\MPC\Approach 2\Shrinking_Horizon\output\input
  Figures (v4_real style): 01..09 (09 = per-MCS power profiles)
  Reports: 08 KPI, replan_grids/*.csv+*.html,
           plan_vs_actual.html + plan_vs_actual_costs.png  (08:00 plan vs realised, financial)
           plan_vs_actual_activity.png, plan_vs_actual_side_by_side.html, plan_vs_actual_by_entity.html  (ACTIVITY)
           approach0_vs_approach1.html  (Approach 0 one-shot vs Approach 2 closed-loop, both fully
                                         realised; the A0 column is labelled by its plant mode, and a
                                         run-diagnostics table reports infeasible windows + SOE clamps)
  Console log: run_log.txt
