[ Info: [Turing]: progress logging is disabled globally
==============================================================================
INITIAL-SOE SWEEP (:input)  —  10 runs, SOE_CEV_ini in [2.96, 14.8] kWh
  each window solved to the MIP gap (time_limit_sec = Inf), seed = 1
==============================================================================

#################### run01_SOE_02.96 ####################
Running Approach 0 (one-shot 8:00 plan, executed open-loop, no replanning): 96 steps
  plant                  : :sampled (stochastic -- realized power drawn from the shared pool)
  planning power (mu)    : [4.79, 3.16, 4.71, 0.0] kW
  plant sampling sd      : [0.21, 0.18, 0.38, 0.0] kW
  solver time limit      : none (solve to the MIP gap)
Approach 0 one-shot (plant = :sampled) done in 3.3 s (96 plant realizations)
Running Approach 2 (STOCHASTIC scenario-based MPC, 15-min steps, shrinking horizon): 96 steps
  scenarios / re-solve : 5 (equal-weight, resampled fresh every window)
  plant                : :sampled (stochastic -- realized power drawn from the shared pool)
  posterior mean (mu)  : [4.79, 3.16, 4.71, 0.0] kW
  posterior std  (sd)  : [0.21, 0.18, 0.38, 0.0] kW  (scenario sampling spread)
  plant sampling sd    : [0.21, 0.18, 0.38, 0.0] kW
  solver time limit    : none (solve each window to the MIP gap)
Approach 2 (stochastic, 5 scenarios, plant = :sampled) done in 588.2 s (96 plant realizations)
  posterior mean (mu)    : [4.79, 3.16, 4.71, 0.0] kW
  posterior std  (sd)    : [0.21, 0.18, 0.38, 0.0] kW
  plant sampling sd      : [0.21, 0.18, 0.38, 0.0] kW
  SOE_ini=2.96  realised $1312.74 (plan $1178.98)  changed: CEV1=16 MCS=12 /96  feas=true
             A0(:sampled) $1175.66 -> A2 $1312.74 (+137.07)

#################### run02_SOE_04.28 ####################
Running Approach 0 (one-shot 8:00 plan, executed open-loop, no replanning): 96 steps
  plant                  : :sampled (stochastic -- realized power drawn from the shared pool)
  planning power (mu)    : [4.79, 3.16, 4.71, 0.0] kW
  plant sampling sd      : [0.21, 0.18, 0.38, 0.0] kW
  solver time limit      : none (solve to the MIP gap)
Approach 0 one-shot (plant = :sampled) done in 2.9 s (96 plant realizations)
  NOTE: 1 intervals had work CAPPED by available CEV energy (task could not fully
        complete before hitting the SOE floor); the shortfall is reflected honestly in
        rem_dig/rem_load.
Running Approach 2 (STOCHASTIC scenario-based MPC, 15-min steps, shrinking horizon): 96 steps
  scenarios / re-solve : 5 (equal-weight, resampled fresh every window)
  plant                : :sampled (stochastic -- realized power drawn from the shared pool)
  posterior mean (mu)  : [4.79, 3.16, 4.71, 0.0] kW
  posterior std  (sd)  : [0.21, 0.18, 0.38, 0.0] kW  (scenario sampling spread)
  plant sampling sd    : [0.21, 0.18, 0.38, 0.0] kW
  solver time limit    : none (solve each window to the MIP gap)
Approach 2 (stochastic, 5 scenarios, plant = :sampled) done in 1561.5 s (96 plant realizations)
  posterior mean (mu)    : [4.79, 3.16, 4.71, 0.0] kW
  posterior std  (sd)    : [0.21, 0.18, 0.38, 0.0] kW
  plant sampling sd      : [0.21, 0.18, 0.38, 0.0] kW
  SOE_ini=4.28  realised $687.37 (plan $1177.30)  changed: CEV1=25 MCS=14 /96  feas=true
             A0(:sampled) $687.12 -> A2 $687.37 (+0.24)

#################### run03_SOE_05.59 ####################
Running Approach 0 (one-shot 8:00 plan, executed open-loop, no replanning): 96 steps
  plant                  : :sampled (stochastic -- realized power drawn from the shared pool)
  planning power (mu)    : [4.79, 3.16, 4.71, 0.0] kW
  plant sampling sd      : [0.21, 0.18, 0.38, 0.0] kW
  solver time limit      : none (solve to the MIP gap)
Approach 0 one-shot (plant = :sampled) done in 9.4 s (96 plant realizations)
Running Approach 2 (STOCHASTIC scenario-based MPC, 15-min steps, shrinking horizon): 96 steps
  scenarios / re-solve : 5 (equal-weight, resampled fresh every window)
  plant                : :sampled (stochastic -- realized power drawn from the shared pool)
  posterior mean (mu)  : [4.79, 3.16, 4.71, 0.0] kW
  posterior std  (sd)  : [0.21, 0.18, 0.38, 0.0] kW  (scenario sampling spread)
  plant sampling sd    : [0.21, 0.18, 0.38, 0.0] kW
  solver time limit    : none (solve each window to the MIP gap)
Approach 2 (stochastic, 5 scenarios, plant = :sampled) done in 1744.8 s (96 plant realizations)
  posterior mean (mu)    : [4.79, 3.16, 4.71, 0.0] kW
  posterior std  (sd)    : [0.21, 0.18, 0.38, 0.0] kW
  plant sampling sd      : [0.21, 0.18, 0.38, 0.0] kW
  SOE_ini=5.59  realised $823.44 (plan $694.25)  changed: CEV1=22 MCS=19 /96  feas=true
             A0(:sampled) $688.05 -> A2 $823.44 (+135.39)

#################### run04_SOE_06.91 ####################
Running Approach 0 (one-shot 8:00 plan, executed open-loop, no replanning): 96 steps
  plant                  : :sampled (stochastic -- realized power drawn from the shared pool)
  planning power (mu)    : [4.79, 3.16, 4.71, 0.0] kW
  plant sampling sd      : [0.21, 0.18, 0.38, 0.0] kW
  solver time limit      : none (solve to the MIP gap)
Approach 0 one-shot (plant = :sampled) done in 3.1 s (96 plant realizations)
  NOTE: 1 intervals had work CAPPED by available CEV energy (task could not fully
        complete before hitting the SOE floor); the shortfall is reflected honestly in
        rem_dig/rem_load.
Running Approach 2 (STOCHASTIC scenario-based MPC, 15-min steps, shrinking horizon): 96 steps
  scenarios / re-solve : 5 (equal-weight, resampled fresh every window)
  plant                : :sampled (stochastic -- realized power drawn from the shared pool)
  posterior mean (mu)  : [4.79, 3.16, 4.71, 0.0] kW
  posterior std  (sd)  : [0.21, 0.18, 0.38, 0.0] kW  (scenario sampling spread)
  plant sampling sd    : [0.21, 0.18, 0.38, 0.0] kW
  solver time limit    : none (solve each window to the MIP gap)
Approach 2 (stochastic, 5 scenarios, plant = :sampled) done in 1734.6 s (96 plant realizations)
  posterior mean (mu)    : [4.79, 3.16, 4.71, 0.0] kW
  posterior std  (sd)    : [0.21, 0.18, 0.38, 0.0] kW
  plant sampling sd      : [0.21, 0.18, 0.38, 0.0] kW
  SOE_ini=6.91  realised $690.09 (plan $694.25)  changed: CEV1=17 MCS=12 /96  feas=true
             A0(:sampled) $264.53 -> A2 $690.09 (+425.56)

#################### run05_SOE_08.22 ####################
Running Approach 0 (one-shot 8:00 plan, executed open-loop, no replanning): 96 steps
  plant                  : :sampled (stochastic -- realized power drawn from the shared pool)
  planning power (mu)    : [4.79, 3.16, 4.71, 0.0] kW
  plant sampling sd      : [0.21, 0.18, 0.38, 0.0] kW
  solver time limit      : none (solve to the MIP gap)
Approach 0 one-shot (plant = :sampled) done in 2.5 s (96 plant realizations)
Running Approach 2 (STOCHASTIC scenario-based MPC, 15-min steps, shrinking horizon): 96 steps
  scenarios / re-solve : 5 (equal-weight, resampled fresh every window)
  plant                : :sampled (stochastic -- realized power drawn from the shared pool)
  posterior mean (mu)  : [4.79, 3.16, 4.71, 0.0] kW
  posterior std  (sd)  : [0.21, 0.18, 0.38, 0.0] kW  (scenario sampling spread)
  plant sampling sd    : [0.21, 0.18, 0.38, 0.0] kW
  solver time limit    : none (solve each window to the MIP gap)
Approach 2 (stochastic, 5 scenarios, plant = :sampled) done in 1332.1 s (96 plant realizations)
  posterior mean (mu)    : [4.79, 3.16, 4.71, 0.0] kW
  posterior std  (sd)    : [0.21, 0.18, 0.38, 0.0] kW
  plant sampling sd      : [0.21, 0.18, 0.38, 0.0] kW
  SOE_ini=8.22  realised $193.22 (plan $197.20)  changed: CEV1=14 MCS=11 /96  feas=true
             A0(:sampled) $193.41 -> A2 $193.22 (-0.19)

#################### run06_SOE_09.54 ####################
Running Approach 0 (one-shot 8:00 plan, executed open-loop, no replanning): 96 steps
  plant                  : :sampled (stochastic -- realized power drawn from the shared pool)
  planning power (mu)    : [4.79, 3.16, 4.71, 0.0] kW
  plant sampling sd      : [0.21, 0.18, 0.38, 0.0] kW
  solver time limit      : none (solve to the MIP gap)
Approach 0 one-shot (plant = :sampled) done in 3.8 s (96 plant realizations)
Running Approach 2 (STOCHASTIC scenario-based MPC, 15-min steps, shrinking horizon): 96 steps
  scenarios / re-solve : 5 (equal-weight, resampled fresh every window)
  plant                : :sampled (stochastic -- realized power drawn from the shared pool)
  posterior mean (mu)  : [4.79, 3.16, 4.71, 0.0] kW
  posterior std  (sd)  : [0.21, 0.18, 0.38, 0.0] kW  (scenario sampling spread)
  plant sampling sd    : [0.21, 0.18, 0.38, 0.0] kW
  solver time limit    : none (solve each window to the MIP gap)
Approach 2 (stochastic, 5 scenarios, plant = :sampled) done in 1080.1 s (96 plant realizations)
  posterior mean (mu)    : [4.79, 3.16, 4.71, 0.0] kW
  posterior std  (sd)    : [0.21, 0.18, 0.38, 0.0] kW
  plant sampling sd      : [0.21, 0.18, 0.38, 0.0] kW
  SOE_ini=9.54  realised $193.22 (plan $197.20)  changed: CEV1=21 MCS=15 /96  feas=true
             A0(:sampled) $193.41 -> A2 $193.22 (-0.19)

#################### run07_SOE_10.85 ####################
Running Approach 0 (one-shot 8:00 plan, executed open-loop, no replanning): 96 steps
  plant                  : :sampled (stochastic -- realized power drawn from the shared pool)
  planning power (mu)    : [4.79, 3.16, 4.71, 0.0] kW
  plant sampling sd      : [0.21, 0.18, 0.38, 0.0] kW
  solver time limit      : none (solve to the MIP gap)
Approach 0 one-shot (plant = :sampled) done in 3.1 s (96 plant realizations)
Running Approach 2 (STOCHASTIC scenario-based MPC, 15-min steps, shrinking horizon): 96 steps
  scenarios / re-solve : 5 (equal-weight, resampled fresh every window)
  plant                : :sampled (stochastic -- realized power drawn from the shared pool)
  posterior mean (mu)  : [4.79, 3.16, 4.71, 0.0] kW
  posterior std  (sd)  : [0.21, 0.18, 0.38, 0.0] kW  (scenario sampling spread)
  plant sampling sd    : [0.21, 0.18, 0.38, 0.0] kW
  solver time limit    : none (solve each window to the MIP gap)
Approach 2 (stochastic, 5 scenarios, plant = :sampled) done in 1148.5 s (96 plant realizations)
  posterior mean (mu)    : [4.79, 3.16, 4.71, 0.0] kW
  posterior std  (sd)    : [0.21, 0.18, 0.38, 0.0] kW
  plant sampling sd      : [0.21, 0.18, 0.38, 0.0] kW
  SOE_ini=10.85  realised $193.22 (plan $197.20)  changed: CEV1=23 MCS=18 /96  feas=true
             A0(:sampled) $193.41 -> A2 $193.22 (-0.19)

#################### run08_SOE_12.17 ####################
Running Approach 0 (one-shot 8:00 plan, executed open-loop, no replanning): 96 steps
  plant                  : :sampled (stochastic -- realized power drawn from the shared pool)
  planning power (mu)    : [4.79, 3.16, 4.71, 0.0] kW
  plant sampling sd      : [0.21, 0.18, 0.38, 0.0] kW
  solver time limit      : none (solve to the MIP gap)
Approach 0 one-shot (plant = :sampled) done in 6.6 s (96 plant realizations)
Running Approach 2 (STOCHASTIC scenario-based MPC, 15-min steps, shrinking horizon): 96 steps
  scenarios / re-solve : 5 (equal-weight, resampled fresh every window)
  plant                : :sampled (stochastic -- realized power drawn from the shared pool)
  posterior mean (mu)  : [4.79, 3.16, 4.71, 0.0] kW
  posterior std  (sd)  : [0.21, 0.18, 0.38, 0.0] kW  (scenario sampling spread)
  plant sampling sd    : [0.21, 0.18, 0.38, 0.0] kW
  solver time limit    : none (solve each window to the MIP gap)
Approach 2 (stochastic, 5 scenarios, plant = :sampled) done in 794.5 s (96 plant realizations)
  posterior mean (mu)    : [4.79, 3.16, 4.71, 0.0] kW
  posterior std  (sd)    : [0.21, 0.18, 0.38, 0.0] kW
  plant sampling sd      : [0.21, 0.18, 0.38, 0.0] kW
  SOE_ini=12.17  realised $193.22 (plan $197.20)  changed: CEV1=17 MCS=14 /96  feas=true
             A0(:sampled) $193.41 -> A2 $193.22 (-0.19)

#################### run09_SOE_13.48 ####################
Running Approach 0 (one-shot 8:00 plan, executed open-loop, no replanning): 96 steps
  plant                  : :sampled (stochastic -- realized power drawn from the shared pool)
  planning power (mu)    : [4.79, 3.16, 4.71, 0.0] kW
  plant sampling sd      : [0.21, 0.18, 0.38, 0.0] kW
  solver time limit      : none (solve to the MIP gap)
Approach 0 one-shot (plant = :sampled) done in 6.3 s (96 plant realizations)
Running Approach 2 (STOCHASTIC scenario-based MPC, 15-min steps, shrinking horizon): 96 steps
  scenarios / re-solve : 5 (equal-weight, resampled fresh every window)
  plant                : :sampled (stochastic -- realized power drawn from the shared pool)
  posterior mean (mu)  : [4.79, 3.16, 4.71, 0.0] kW
  posterior std  (sd)  : [0.21, 0.18, 0.38, 0.0] kW  (scenario sampling spread)
  plant sampling sd    : [0.21, 0.18, 0.38, 0.0] kW
  solver time limit    : none (solve each window to the MIP gap)
Approach 2 (stochastic, 5 scenarios, plant = :sampled) done in 628.2 s (96 plant realizations)
  posterior mean (mu)    : [4.79, 3.16, 4.71, 0.0] kW
  posterior std  (sd)    : [0.21, 0.18, 0.38, 0.0] kW
  plant sampling sd      : [0.21, 0.18, 0.38, 0.0] kW
  SOE_ini=13.48  realised $193.22 (plan $197.20)  changed: CEV1=23 MCS=18 /96  feas=true
             A0(:sampled) $193.41 -> A2 $193.22 (-0.19)

#################### run10_SOE_14.80 ####################
Running Approach 0 (one-shot 8:00 plan, executed open-loop, no replanning): 96 steps
  plant                  : :sampled (stochastic -- realized power drawn from the shared pool)
  planning power (mu)    : [4.79, 3.16, 4.71, 0.0] kW
  plant sampling sd      : [0.21, 0.18, 0.38, 0.0] kW
  solver time limit      : none (solve to the MIP gap)
Approach 0 one-shot (plant = :sampled) done in 8.4 s (96 plant realizations)
Running Approach 2 (STOCHASTIC scenario-based MPC, 15-min steps, shrinking horizon): 96 steps
  scenarios / re-solve : 5 (equal-weight, resampled fresh every window)
  plant                : :sampled (stochastic -- realized power drawn from the shared pool)
  posterior mean (mu)  : [4.79, 3.16, 4.71, 0.0] kW
  posterior std  (sd)  : [0.21, 0.18, 0.38, 0.0] kW  (scenario sampling spread)
  plant sampling sd    : [0.21, 0.18, 0.38, 0.0] kW
  solver time limit    : none (solve each window to the MIP gap)
Approach 2 (stochastic, 5 scenarios, plant = :sampled) done in 1455.8 s (96 plant realizations)
  posterior mean (mu)    : [4.79, 3.16, 4.71, 0.0] kW
  posterior std  (sd)    : [0.21, 0.18, 0.38, 0.0] kW
  plant sampling sd      : [0.21, 0.18, 0.38, 0.0] kW
  SOE_ini=14.80  realised $193.22 (plan $197.20)  changed: CEV1=24 MCS=16 /96  feas=true
             A0(:sampled) $193.41 -> A2 $193.22 (-0.19)

==============================================================================
SWEEP COMPLETE. Wrote 10 run folders + summary.html to:
  c:\Users\shubh\Desktop\MPC\Approach 2\Shrinking_Horizon\output\input_testing
==============================================================================
