[ Info: [Turing]: progress logging is disabled globally
==============================================================================
INITIAL-SOE SWEEP (:input)  —  10 runs, SOE_CEV_ini in [2.96, 14.8] kWh
  each window solved to the MIP gap (time_limit_sec = Inf), seed = 1
==============================================================================

#################### run01_SOE_02.96 ####################
Running Approach 0 (one-shot 8:00 plan per day, executed open-loop, no replanning): 96 steps (1 day(s))
  plant                  : :sampled (stochastic -- realized power drawn from the shared pool)
  planning power (mu)    : [4.79, 3.16, 4.71, 0.0] kW
  plant sampling sd      : [0.2, 0.18, 0.39, 0.0] kW
  solver time limit      : none (solve to the MIP gap)
Approach 0 one-shot (plant = :sampled) done in 11.4 s (96 plant realizations, 1 day(s))
Running Approach 2 (STOCHASTIC scenario-based MPC, 15-min steps, shrinking horizon): 96 steps (1 day(s))
  scenarios / re-solve : 5 (equal-weight, resampled fresh every window)
  plant                : :sampled (stochastic -- realized power drawn from the shared pool)
  posterior mean (mu)  : [4.79, 3.16, 4.71, 0.0] kW
  posterior std  (sd)  : [0.2, 0.18, 0.39, 0.0] kW  (scenario sampling spread)
  plant sampling sd    : [0.2, 0.18, 0.39, 0.0] kW
  solver time limit    : none (solve each window to the MIP gap)
Approach 2 (stochastic, 5 scenarios, plant = :sampled) done in 878.5 s (96 plant realizations, 1 day(s))
  posterior mean (mu)    : [4.79, 3.16, 4.71, 0.0] kW
  posterior std  (sd)    : [0.2, 0.18, 0.39, 0.0] kW
  plant sampling sd      : [0.2, 0.18, 0.39, 0.0] kW
  SOE_ini=2.96  realised $1309.54 (plan $1171.62)  changed: CEV1=11 MCS=9 /96  feas=true
             A0(:sampled) $1175.66 -> A2 $1309.54 (+133.88)

#################### run02_SOE_04.28 ####################
Running Approach 0 (one-shot 8:00 plan per day, executed open-loop, no replanning): 96 steps (1 day(s))
  plant                  : :sampled (stochastic -- realized power drawn from the shared pool)
  planning power (mu)    : [4.79, 3.16, 4.71, 0.0] kW
  plant sampling sd      : [0.2, 0.18, 0.39, 0.0] kW
  solver time limit      : none (solve to the MIP gap)
Approach 0 one-shot (plant = :sampled) done in 2.5 s (96 plant realizations, 1 day(s))
Running Approach 2 (STOCHASTIC scenario-based MPC, 15-min steps, shrinking horizon): 96 steps (1 day(s))
  scenarios / re-solve : 5 (equal-weight, resampled fresh every window)
  plant                : :sampled (stochastic -- realized power drawn from the shared pool)
  posterior mean (mu)  : [4.79, 3.16, 4.71, 0.0] kW
  posterior std  (sd)  : [0.2, 0.18, 0.39, 0.0] kW  (scenario sampling spread)
  plant sampling sd    : [0.2, 0.18, 0.39, 0.0] kW
  solver time limit    : none (solve each window to the MIP gap)
Approach 2 (stochastic, 5 scenarios, plant = :sampled) done in 1498.5 s (96 plant realizations, 1 day(s))
  posterior mean (mu)    : [4.79, 3.16, 4.71, 0.0] kW
  posterior std  (sd)    : [0.2, 0.18, 0.39, 0.0] kW
  plant sampling sd      : [0.2, 0.18, 0.39, 0.0] kW
  SOE_ini=4.28  realised $688.16 (plan $677.55)  changed: CEV1=16 MCS=16 /96  feas=true
             A0(:sampled) $686.08 -> A2 $688.16 (+2.08)

#################### run03_SOE_05.59 ####################
Running Approach 0 (one-shot 8:00 plan per day, executed open-loop, no replanning): 96 steps (1 day(s))
  plant                  : :sampled (stochastic -- realized power drawn from the shared pool)
  planning power (mu)    : [4.79, 3.16, 4.71, 0.0] kW
  plant sampling sd      : [0.2, 0.18, 0.39, 0.0] kW
  solver time limit      : none (solve to the MIP gap)
Approach 0 one-shot (plant = :sampled) done in 4.0 s (96 plant realizations, 1 day(s))
Running Approach 2 (STOCHASTIC scenario-based MPC, 15-min steps, shrinking horizon): 96 steps (1 day(s))
  scenarios / re-solve : 5 (equal-weight, resampled fresh every window)
  plant                : :sampled (stochastic -- realized power drawn from the shared pool)
  posterior mean (mu)  : [4.79, 3.16, 4.71, 0.0] kW
  posterior std  (sd)  : [0.2, 0.18, 0.39, 0.0] kW  (scenario sampling spread)
  plant sampling sd    : [0.2, 0.18, 0.39, 0.0] kW
  solver time limit    : none (solve each window to the MIP gap)
Approach 2 (stochastic, 5 scenarios, plant = :sampled) done in 1856.7 s (96 plant realizations, 1 day(s))
  posterior mean (mu)    : [4.79, 3.16, 4.71, 0.0] kW
  posterior std  (sd)    : [0.2, 0.18, 0.39, 0.0] kW
  plant sampling sd      : [0.2, 0.18, 0.39, 0.0] kW
  SOE_ini=5.59  realised $687.06 (plan $682.91)  changed: CEV1=18 MCS=8 /96  feas=true
             A0(:sampled) $686.08 -> A2 $687.06 (+0.98)

#################### run04_SOE_06.91 ####################
Running Approach 0 (one-shot 8:00 plan per day, executed open-loop, no replanning): 96 steps (1 day(s))
  plant                  : :sampled (stochastic -- realized power drawn from the shared pool)
  planning power (mu)    : [4.79, 3.16, 4.71, 0.0] kW
  plant sampling sd      : [0.2, 0.18, 0.39, 0.0] kW
  solver time limit      : none (solve to the MIP gap)
Approach 0 one-shot (plant = :sampled) done in 2.7 s (96 plant realizations, 1 day(s))
Running Approach 2 (STOCHASTIC scenario-based MPC, 15-min steps, shrinking horizon): 96 steps (1 day(s))
  scenarios / re-solve : 5 (equal-weight, resampled fresh every window)
  plant                : :sampled (stochastic -- realized power drawn from the shared pool)
  posterior mean (mu)  : [4.79, 3.16, 4.71, 0.0] kW
  posterior std  (sd)  : [0.2, 0.18, 0.39, 0.0] kW  (scenario sampling spread)
  plant sampling sd    : [0.2, 0.18, 0.39, 0.0] kW
  solver time limit    : none (solve each window to the MIP gap)
Approach 2 (stochastic, 5 scenarios, plant = :sampled) done in 1794.0 s (96 plant realizations, 1 day(s))
  posterior mean (mu)    : [4.79, 3.16, 4.71, 0.0] kW
  posterior std  (sd)    : [0.2, 0.18, 0.39, 0.0] kW
  plant sampling sd      : [0.2, 0.18, 0.39, 0.0] kW
  SOE_ini=6.91  realised $690.09 (plan $188.74)  changed: CEV1=22 MCS=15 /96  feas=true
             A0(:sampled) $193.41 -> A2 $690.09 (+496.68)

#################### run05_SOE_08.22 ####################
Running Approach 0 (one-shot 8:00 plan per day, executed open-loop, no replanning): 96 steps (1 day(s))
  plant                  : :sampled (stochastic -- realized power drawn from the shared pool)
  planning power (mu)    : [4.79, 3.16, 4.71, 0.0] kW
  plant sampling sd      : [0.2, 0.18, 0.39, 0.0] kW
  solver time limit      : none (solve to the MIP gap)
Approach 0 one-shot (plant = :sampled) done in 2.7 s (96 plant realizations, 1 day(s))
Running Approach 2 (STOCHASTIC scenario-based MPC, 15-min steps, shrinking horizon): 96 steps (1 day(s))
  scenarios / re-solve : 5 (equal-weight, resampled fresh every window)
  plant                : :sampled (stochastic -- realized power drawn from the shared pool)
  posterior mean (mu)  : [4.79, 3.16, 4.71, 0.0] kW
  posterior std  (sd)  : [0.2, 0.18, 0.39, 0.0] kW  (scenario sampling spread)
  plant sampling sd    : [0.2, 0.18, 0.39, 0.0] kW
  solver time limit    : none (solve each window to the MIP gap)
Approach 2 (stochastic, 5 scenarios, plant = :sampled) done in 914.5 s (96 plant realizations, 1 day(s))
  posterior mean (mu)    : [4.79, 3.16, 4.71, 0.0] kW
  posterior std  (sd)    : [0.2, 0.18, 0.39, 0.0] kW
  plant sampling sd      : [0.2, 0.18, 0.39, 0.0] kW
  SOE_ini=8.22  realised $193.21 (plan $188.74)  changed: CEV1=15 MCS=13 /96  feas=true
             A0(:sampled) $193.41 -> A2 $193.21 (-0.20)

#################### run06_SOE_09.54 ####################
Running Approach 0 (one-shot 8:00 plan per day, executed open-loop, no replanning): 96 steps (1 day(s))
  plant                  : :sampled (stochastic -- realized power drawn from the shared pool)
  planning power (mu)    : [4.79, 3.16, 4.71, 0.0] kW
  plant sampling sd      : [0.2, 0.18, 0.39, 0.0] kW
  solver time limit      : none (solve to the MIP gap)
Approach 0 one-shot (plant = :sampled) done in 4.3 s (96 plant realizations, 1 day(s))
Running Approach 2 (STOCHASTIC scenario-based MPC, 15-min steps, shrinking horizon): 96 steps (1 day(s))
  scenarios / re-solve : 5 (equal-weight, resampled fresh every window)
  plant                : :sampled (stochastic -- realized power drawn from the shared pool)
  posterior mean (mu)  : [4.79, 3.16, 4.71, 0.0] kW
  posterior std  (sd)  : [0.2, 0.18, 0.39, 0.0] kW  (scenario sampling spread)
  plant sampling sd    : [0.2, 0.18, 0.39, 0.0] kW
  solver time limit    : none (solve each window to the MIP gap)
Approach 2 (stochastic, 5 scenarios, plant = :sampled) done in 837.6 s (96 plant realizations, 1 day(s))
  posterior mean (mu)    : [4.79, 3.16, 4.71, 0.0] kW
  posterior std  (sd)    : [0.2, 0.18, 0.39, 0.0] kW
  plant sampling sd      : [0.2, 0.18, 0.39, 0.0] kW
  SOE_ini=9.54  realised $193.21 (plan $188.74)  changed: CEV1=25 MCS=15 /96  feas=true
             A0(:sampled) $193.41 -> A2 $193.21 (-0.20)

#################### run07_SOE_10.85 ####################
Running Approach 0 (one-shot 8:00 plan per day, executed open-loop, no replanning): 96 steps (1 day(s))
  plant                  : :sampled (stochastic -- realized power drawn from the shared pool)
  planning power (mu)    : [4.79, 3.16, 4.71, 0.0] kW
  plant sampling sd      : [0.2, 0.18, 0.39, 0.0] kW
  solver time limit      : none (solve to the MIP gap)
Approach 0 one-shot (plant = :sampled) done in 5.0 s (96 plant realizations, 1 day(s))
Running Approach 2 (STOCHASTIC scenario-based MPC, 15-min steps, shrinking horizon): 96 steps (1 day(s))
  scenarios / re-solve : 5 (equal-weight, resampled fresh every window)
  plant                : :sampled (stochastic -- realized power drawn from the shared pool)
  posterior mean (mu)  : [4.79, 3.16, 4.71, 0.0] kW
  posterior std  (sd)  : [0.2, 0.18, 0.39, 0.0] kW  (scenario sampling spread)
  plant sampling sd    : [0.2, 0.18, 0.39, 0.0] kW
  solver time limit    : none (solve each window to the MIP gap)
Approach 2 (stochastic, 5 scenarios, plant = :sampled) done in 852.5 s (96 plant realizations, 1 day(s))
  posterior mean (mu)    : [4.79, 3.16, 4.71, 0.0] kW
  posterior std  (sd)    : [0.2, 0.18, 0.39, 0.0] kW
  plant sampling sd      : [0.2, 0.18, 0.39, 0.0] kW
  SOE_ini=10.85  realised $193.21 (plan $188.74)  changed: CEV1=24 MCS=16 /96  feas=true
             A0(:sampled) $193.41 -> A2 $193.21 (-0.20)

#################### run08_SOE_12.17 ####################
Running Approach 0 (one-shot 8:00 plan per day, executed open-loop, no replanning): 96 steps (1 day(s))
  plant                  : :sampled (stochastic -- realized power drawn from the shared pool)
  planning power (mu)    : [4.79, 3.16, 4.71, 0.0] kW
  plant sampling sd      : [0.2, 0.18, 0.39, 0.0] kW
  solver time limit      : none (solve to the MIP gap)
Approach 0 one-shot (plant = :sampled) done in 3.9 s (96 plant realizations, 1 day(s))
Running Approach 2 (STOCHASTIC scenario-based MPC, 15-min steps, shrinking horizon): 96 steps (1 day(s))
  scenarios / re-solve : 5 (equal-weight, resampled fresh every window)
  plant                : :sampled (stochastic -- realized power drawn from the shared pool)
  posterior mean (mu)  : [4.79, 3.16, 4.71, 0.0] kW
  posterior std  (sd)  : [0.2, 0.18, 0.39, 0.0] kW  (scenario sampling spread)
  plant sampling sd    : [0.2, 0.18, 0.39, 0.0] kW
  solver time limit    : none (solve each window to the MIP gap)
Approach 2 (stochastic, 5 scenarios, plant = :sampled) done in 728.1 s (96 plant realizations, 1 day(s))
  posterior mean (mu)    : [4.79, 3.16, 4.71, 0.0] kW
  posterior std  (sd)    : [0.2, 0.18, 0.39, 0.0] kW
  plant sampling sd      : [0.2, 0.18, 0.39, 0.0] kW
  SOE_ini=12.17  realised $193.21 (plan $188.74)  changed: CEV1=18 MCS=14 /96  feas=true
             A0(:sampled) $193.41 -> A2 $193.21 (-0.20)

#################### run09_SOE_13.48 ####################
Running Approach 0 (one-shot 8:00 plan per day, executed open-loop, no replanning): 96 steps (1 day(s))
  plant                  : :sampled (stochastic -- realized power drawn from the shared pool)
  planning power (mu)    : [4.79, 3.16, 4.71, 0.0] kW
  plant sampling sd      : [0.2, 0.18, 0.39, 0.0] kW
  solver time limit      : none (solve to the MIP gap)
Approach 0 one-shot (plant = :sampled) done in 3.3 s (96 plant realizations, 1 day(s))
Running Approach 2 (STOCHASTIC scenario-based MPC, 15-min steps, shrinking horizon): 96 steps (1 day(s))
  scenarios / re-solve : 5 (equal-weight, resampled fresh every window)
  plant                : :sampled (stochastic -- realized power drawn from the shared pool)
  posterior mean (mu)  : [4.79, 3.16, 4.71, 0.0] kW
  posterior std  (sd)  : [0.2, 0.18, 0.39, 0.0] kW  (scenario sampling spread)
  plant sampling sd    : [0.2, 0.18, 0.39, 0.0] kW
  solver time limit    : none (solve each window to the MIP gap)
Approach 2 (stochastic, 5 scenarios, plant = :sampled) done in 903.9 s (96 plant realizations, 1 day(s))
  posterior mean (mu)    : [4.79, 3.16, 4.71, 0.0] kW
  posterior std  (sd)    : [0.2, 0.18, 0.39, 0.0] kW
  plant sampling sd      : [0.2, 0.18, 0.39, 0.0] kW
  SOE_ini=13.48  realised $193.21 (plan $189.95)  changed: CEV1=22 MCS=17 /96  feas=true
             A0(:sampled) $193.41 -> A2 $193.21 (-0.20)

#################### run10_SOE_14.80 ####################
Running Approach 0 (one-shot 8:00 plan per day, executed open-loop, no replanning): 96 steps (1 day(s))
  plant                  : :sampled (stochastic -- realized power drawn from the shared pool)
  planning power (mu)    : [4.79, 3.16, 4.71, 0.0] kW
  plant sampling sd      : [0.2, 0.18, 0.39, 0.0] kW
  solver time limit      : none (solve to the MIP gap)
Approach 0 one-shot (plant = :sampled) done in 6.1 s (96 plant realizations, 1 day(s))
Running Approach 2 (STOCHASTIC scenario-based MPC, 15-min steps, shrinking horizon): 96 steps (1 day(s))
  scenarios / re-solve : 5 (equal-weight, resampled fresh every window)
  plant                : :sampled (stochastic -- realized power drawn from the shared pool)
  posterior mean (mu)  : [4.79, 3.16, 4.71, 0.0] kW
  posterior std  (sd)  : [0.2, 0.18, 0.39, 0.0] kW  (scenario sampling spread)
  plant sampling sd    : [0.2, 0.18, 0.39, 0.0] kW
  solver time limit    : none (solve each window to the MIP gap)
Approach 2 (stochastic, 5 scenarios, plant = :sampled) done in 596.1 s (96 plant realizations, 1 day(s))
  posterior mean (mu)    : [4.79, 3.16, 4.71, 0.0] kW
  posterior std  (sd)    : [0.2, 0.18, 0.39, 0.0] kW
  plant sampling sd      : [0.2, 0.18, 0.39, 0.0] kW
  SOE_ini=14.80  realised $193.21 (plan $188.74)  changed: CEV1=18 MCS=14 /96  feas=true
             A0(:sampled) $193.41 -> A2 $193.21 (-0.20)

==============================================================================
SWEEP COMPLETE. Wrote 10 run folders + summary.html to:
  c:\Users\shubh\Desktop\MPC\Approach 2\Shrinking_Horizon\output\input_testing
==============================================================================
