[ Info: [Turing]: progress logging is disabled globally
==============================================================================
INITIAL-SOE SWEEP (:input)  —  10 runs, SOE_CEV_ini in [2.96, 14.8] kWh
  each window solved to the MIP gap (time_limit_sec = Inf), seed = 1
==============================================================================

#################### run01_SOE_02.96 ####################
Running Approach 0 (one-shot PER DAY: solve once at each day's 8:00, replay open-loop): 1 day(s), 96 steps total
  plant                  : :sampled (stochastic -- realized power drawn from the shared pool)
  planning power (mu)    : [4.79, 3.16, 4.7, 0.0] kW
  plant sampling sd      : [0.21, 0.18, 0.38, 0.0] kW
  solver time limit      : none (solve each day to the MIP gap)
Approach 0 one-shot-per-day (plant = :sampled) done in 4.6 s (96 plant realizations, 1 day-solves)
  NOTE: 1 intervals had work CAPPED by available CEV energy (task could not fully
        complete before hitting the SOE floor); the shortfall is reflected honestly in
        rem_dig/rem_load.
Running Approach 1 (closed-loop MPC, 15-min steps, multi-day receding horizon): 96 steps (1 kept days)
  plant                : :sampled (stochastic -- realized power drawn from the shared pool)
  planning power (mu)  : [4.79, 3.16, 4.7, 0.0] kW
  plant sampling sd    : [0.21, 0.18, 0.38, 0.0] kW
  solver time limit    : none (solve each window to the MIP gap)
  [Change 3 diag] kept-day snapshot taken at day=1 (n_days_keep=1), soe_cev_kept=[4.02748517294167]
Approach 1 (plant = :sampled) done in 105.6 s (192 plant realizations)
  fixed power model (mu) : [4.79, 3.16, 4.7, 0.0] kW
  plant sampling sd      : [0.21, 0.18, 0.38, 0.0] kW
  SOE_ini=2.96  realised $1678.01 (plan $1175.66)  changed: CEV1=12 MCS=6 /96  feas=true
             A0(:sampled) $1199.07 -> A1 $1678.01 (+478.94)

#################### run02_SOE_04.28 ####################
Running Approach 0 (one-shot PER DAY: solve once at each day's 8:00, replay open-loop): 1 day(s), 96 steps total
  plant                  : :sampled (stochastic -- realized power drawn from the shared pool)
  planning power (mu)    : [4.79, 3.16, 4.7, 0.0] kW
  plant sampling sd      : [0.21, 0.18, 0.38, 0.0] kW
  solver time limit      : none (solve each day to the MIP gap)
Approach 0 one-shot-per-day (plant = :sampled) done in 4.6 s (96 plant realizations, 1 day-solves)
Running Approach 1 (closed-loop MPC, 15-min steps, multi-day receding horizon): 96 steps (1 kept days)
  plant                : :sampled (stochastic -- realized power drawn from the shared pool)
  planning power (mu)  : [4.79, 3.16, 4.7, 0.0] kW
  plant sampling sd    : [0.21, 0.18, 0.38, 0.0] kW
  solver time limit    : none (solve each window to the MIP gap)
  [Change 3 diag] kept-day snapshot taken at day=1 (n_days_keep=1), soe_cev_kept=[4.275555555555556]
Approach 1 (plant = :sampled) done in 134.9 s (192 plant realizations)
  fixed power model (mu) : [4.79, 3.16, 4.7, 0.0] kW
  plant sampling sd      : [0.21, 0.18, 0.38, 0.0] kW
  SOE_ini=4.28  realised $690.72 (plan $688.21)  changed: CEV1=12 MCS=9 /96  feas=true
             A0(:sampled) $722.18 -> A1 $690.72 (-31.46)

#################### run03_SOE_05.59 ####################
Running Approach 0 (one-shot PER DAY: solve once at each day's 8:00, replay open-loop): 1 day(s), 96 steps total
  plant                  : :sampled (stochastic -- realized power drawn from the shared pool)
  planning power (mu)    : [4.79, 3.16, 4.7, 0.0] kW
  plant sampling sd      : [0.21, 0.18, 0.38, 0.0] kW
  solver time limit      : none (solve each day to the MIP gap)
Approach 0 one-shot-per-day (plant = :sampled) done in 2.1 s (96 plant realizations, 1 day-solves)
Running Approach 1 (closed-loop MPC, 15-min steps, multi-day receding horizon): 96 steps (1 kept days)
  plant                : :sampled (stochastic -- realized power drawn from the shared pool)
  planning power (mu)  : [4.79, 3.16, 4.7, 0.0] kW
  plant sampling sd    : [0.21, 0.18, 0.38, 0.0] kW
  solver time limit    : none (solve each window to the MIP gap)
  [Change 3 diag] kept-day snapshot taken at day=1 (n_days_keep=1), soe_cev_kept=[5.591111111111111]
Approach 1 (plant = :sampled) done in 148.3 s (192 plant realizations)
  fixed power model (mu) : [4.79, 3.16, 4.7, 0.0] kW
  plant sampling sd      : [0.21, 0.18, 0.38, 0.0] kW
  SOE_ini=5.59  realised $823.68 (plan $686.08)  changed: CEV1=9 MCS=7 /96  feas=true
             A0(:sampled) $720.04 -> A1 $823.68 (+103.64)

#################### run04_SOE_06.91 ####################
Running Approach 0 (one-shot PER DAY: solve once at each day's 8:00, replay open-loop): 1 day(s), 96 steps total
  plant                  : :sampled (stochastic -- realized power drawn from the shared pool)
  planning power (mu)    : [4.79, 3.16, 4.7, 0.0] kW
  plant sampling sd      : [0.21, 0.18, 0.38, 0.0] kW
  solver time limit      : none (solve each day to the MIP gap)
Approach 0 one-shot-per-day (plant = :sampled) done in 1.8 s (96 plant realizations, 1 day-solves)
  NOTE: 1 intervals had work CAPPED by available CEV energy (task could not fully
        complete before hitting the SOE floor); the shortfall is reflected honestly in
        rem_dig/rem_load.
Running Approach 1 (closed-loop MPC, 15-min steps, multi-day receding horizon): 96 steps (1 kept days)
  plant                : :sampled (stochastic -- realized power drawn from the shared pool)
  planning power (mu)  : [4.79, 3.16, 4.7, 0.0] kW
  plant sampling sd    : [0.21, 0.18, 0.38, 0.0] kW
  solver time limit    : none (solve each window to the MIP gap)
  [Change 3 diag] kept-day snapshot taken at day=1 (n_days_keep=1), soe_cev_kept=[7.73075]
Approach 1 (plant = :sampled) done in 142.4 s (192 plant realizations)
  fixed power model (mu) : [4.79, 3.16, 4.7, 0.0] kW
  plant sampling sd      : [0.21, 0.18, 0.38, 0.0] kW
  SOE_ini=6.91  realised $825.64 (plan $193.41)  changed: CEV1=19 MCS=9 /96  feas=true
             A0(:sampled) $278.97 -> A1 $825.64 (+546.68)

#################### run05_SOE_08.22 ####################
Running Approach 0 (one-shot PER DAY: solve once at each day's 8:00, replay open-loop): 1 day(s), 96 steps total
  plant                  : :sampled (stochastic -- realized power drawn from the shared pool)
  planning power (mu)    : [4.79, 3.16, 4.7, 0.0] kW
  plant sampling sd      : [0.21, 0.18, 0.38, 0.0] kW
  solver time limit      : none (solve each day to the MIP gap)
Approach 0 one-shot-per-day (plant = :sampled) done in 4.4 s (96 plant realizations, 1 day-solves)
Running Approach 1 (closed-loop MPC, 15-min steps, multi-day receding horizon): 96 steps (1 kept days)
  plant                : :sampled (stochastic -- realized power drawn from the shared pool)
  planning power (mu)  : [4.79, 3.16, 4.7, 0.0] kW
  plant sampling sd    : [0.21, 0.18, 0.38, 0.0] kW
  solver time limit    : none (solve each window to the MIP gap)
  [Change 3 diag] kept-day snapshot taken at day=1 (n_days_keep=1), soe_cev_kept=[8.222222222222221]
Approach 1 (plant = :sampled) done in 132.0 s (192 plant realizations)
  fixed power model (mu) : [4.79, 3.16, 4.7, 0.0] kW
  plant sampling sd      : [0.21, 0.18, 0.38, 0.0] kW
  SOE_ini=8.22  realised $691.87 (plan $193.41)  changed: CEV1=18 MCS=7 /96  feas=true
             A0(:sampled) $278.11 -> A1 $691.87 (+413.77)

#################### run06_SOE_09.54 ####################
Running Approach 0 (one-shot PER DAY: solve once at each day's 8:00, replay open-loop): 1 day(s), 96 steps total
  plant                  : :sampled (stochastic -- realized power drawn from the shared pool)
  planning power (mu)    : [4.79, 3.16, 4.7, 0.0] kW
  plant sampling sd      : [0.21, 0.18, 0.38, 0.0] kW
  solver time limit      : none (solve each day to the MIP gap)
Approach 0 one-shot-per-day (plant = :sampled) done in 4.9 s (96 plant realizations, 1 day-solves)
Running Approach 1 (closed-loop MPC, 15-min steps, multi-day receding horizon): 96 steps (1 kept days)
  plant                : :sampled (stochastic -- realized power drawn from the shared pool)
  planning power (mu)  : [4.79, 3.16, 4.7, 0.0] kW
  plant sampling sd    : [0.21, 0.18, 0.38, 0.0] kW
  solver time limit    : none (solve each window to the MIP gap)
  [Change 3 diag] kept-day snapshot taken at day=1 (n_days_keep=1), soe_cev_kept=[9.537777777777777]
Approach 1 (plant = :sampled) done in 115.7 s (192 plant realizations)
  fixed power model (mu) : [4.79, 3.16, 4.7, 0.0] kW
  plant sampling sd      : [0.21, 0.18, 0.38, 0.0] kW
  SOE_ini=9.54  realised $193.84 (plan $193.41)  changed: CEV1=7 MCS=5 /96  feas=true
             A0(:sampled) $278.11 -> A1 $193.84 (-84.26)

#################### run07_SOE_10.85 ####################
Running Approach 0 (one-shot PER DAY: solve once at each day's 8:00, replay open-loop): 1 day(s), 96 steps total
  plant                  : :sampled (stochastic -- realized power drawn from the shared pool)
  planning power (mu)    : [4.79, 3.16, 4.7, 0.0] kW
  plant sampling sd      : [0.21, 0.18, 0.38, 0.0] kW
  solver time limit      : none (solve each day to the MIP gap)
Approach 0 one-shot-per-day (plant = :sampled) done in 5.8 s (96 plant realizations, 1 day-solves)
Running Approach 1 (closed-loop MPC, 15-min steps, multi-day receding horizon): 96 steps (1 kept days)
  plant                : :sampled (stochastic -- realized power drawn from the shared pool)
  planning power (mu)  : [4.79, 3.16, 4.7, 0.0] kW
  plant sampling sd    : [0.21, 0.18, 0.38, 0.0] kW
  solver time limit    : none (solve each window to the MIP gap)
  [Change 3 diag] kept-day snapshot taken at day=1 (n_days_keep=1), soe_cev_kept=[10.853333333333332]
Approach 1 (plant = :sampled) done in 111.1 s (192 plant realizations)
  fixed power model (mu) : [4.79, 3.16, 4.7, 0.0] kW
  plant sampling sd      : [0.21, 0.18, 0.38, 0.0] kW
  SOE_ini=10.85  realised $193.84 (plan $193.41)  changed: CEV1=12 MCS=9 /96  feas=true
             A0(:sampled) $300.68 -> A1 $193.84 (-106.83)

#################### run08_SOE_12.17 ####################
Running Approach 0 (one-shot PER DAY: solve once at each day's 8:00, replay open-loop): 1 day(s), 96 steps total
  plant                  : :sampled (stochastic -- realized power drawn from the shared pool)
  planning power (mu)    : [4.79, 3.16, 4.7, 0.0] kW
  plant sampling sd      : [0.21, 0.18, 0.38, 0.0] kW
  solver time limit      : none (solve each day to the MIP gap)
Approach 0 one-shot-per-day (plant = :sampled) done in 4.6 s (96 plant realizations, 1 day-solves)
Running Approach 1 (closed-loop MPC, 15-min steps, multi-day receding horizon): 96 steps (1 kept days)
  plant                : :sampled (stochastic -- realized power drawn from the shared pool)
  planning power (mu)  : [4.79, 3.16, 4.7, 0.0] kW
  plant sampling sd    : [0.21, 0.18, 0.38, 0.0] kW
  solver time limit    : none (solve each window to the MIP gap)
  [Change 3 diag] kept-day snapshot taken at day=1 (n_days_keep=1), soe_cev_kept=[12.168888888888887]
Approach 1 (plant = :sampled) done in 93.3 s (192 plant realizations)
  fixed power model (mu) : [4.79, 3.16, 4.7, 0.0] kW
  plant sampling sd      : [0.21, 0.18, 0.38, 0.0] kW
  SOE_ini=12.17  realised $193.84 (plan $193.41)  changed: CEV1=15 MCS=10 /96  feas=true
             A0(:sampled) $281.42 -> A1 $193.84 (-87.58)

#################### run09_SOE_13.48 ####################
Running Approach 0 (one-shot PER DAY: solve once at each day's 8:00, replay open-loop): 1 day(s), 96 steps total
  plant                  : :sampled (stochastic -- realized power drawn from the shared pool)
  planning power (mu)    : [4.79, 3.16, 4.7, 0.0] kW
  plant sampling sd      : [0.21, 0.18, 0.38, 0.0] kW
  solver time limit      : none (solve each day to the MIP gap)
Approach 0 one-shot-per-day (plant = :sampled) done in 2.9 s (96 plant realizations, 1 day-solves)
Running Approach 1 (closed-loop MPC, 15-min steps, multi-day receding horizon): 96 steps (1 kept days)
  plant                : :sampled (stochastic -- realized power drawn from the shared pool)
  planning power (mu)  : [4.79, 3.16, 4.7, 0.0] kW
  plant sampling sd    : [0.21, 0.18, 0.38, 0.0] kW
  solver time limit    : none (solve each window to the MIP gap)
  [Change 3 diag] kept-day snapshot taken at day=1 (n_days_keep=1), soe_cev_kept=[13.484444444444446]
Approach 1 (plant = :sampled) done in 118.1 s (192 plant realizations)
  fixed power model (mu) : [4.79, 3.16, 4.7, 0.0] kW
  plant sampling sd      : [0.21, 0.18, 0.38, 0.0] kW
  SOE_ini=13.48  realised $193.84 (plan $193.41)  changed: CEV1=12 MCS=8 /96  feas=true
             A0(:sampled) $278.11 -> A1 $193.84 (-84.26)

#################### run10_SOE_14.80 ####################
Running Approach 0 (one-shot PER DAY: solve once at each day's 8:00, replay open-loop): 1 day(s), 96 steps total
  plant                  : :sampled (stochastic -- realized power drawn from the shared pool)
  planning power (mu)    : [4.79, 3.16, 4.7, 0.0] kW
  plant sampling sd      : [0.21, 0.18, 0.38, 0.0] kW
  solver time limit      : none (solve each day to the MIP gap)
Approach 0 one-shot-per-day (plant = :sampled) done in 4.8 s (96 plant realizations, 1 day-solves)
Running Approach 1 (closed-loop MPC, 15-min steps, multi-day receding horizon): 96 steps (1 kept days)
  plant                : :sampled (stochastic -- realized power drawn from the shared pool)
  planning power (mu)  : [4.79, 3.16, 4.7, 0.0] kW
  plant sampling sd    : [0.21, 0.18, 0.38, 0.0] kW
  solver time limit    : none (solve each window to the MIP gap)
  [Change 3 diag] kept-day snapshot taken at day=1 (n_days_keep=1), soe_cev_kept=[14.8]
Approach 1 (plant = :sampled) done in 125.7 s (192 plant realizations)
  fixed power model (mu) : [4.79, 3.16, 4.7, 0.0] kW
  plant sampling sd      : [0.21, 0.18, 0.38, 0.0] kW
  SOE_ini=14.80  realised $193.84 (plan $193.41)  changed: CEV1=20 MCS=10 /96  feas=true
             A0(:sampled) $278.11 -> A1 $193.84 (-84.26)

==============================================================================
SWEEP COMPLETE. Wrote 10 run folders + summary.html to:
  C:\Users\shubh\Desktop\MPC\Approach 1\Receding_Horizon\output\input_testing
==============================================================================
