[ Info: [Turing]: progress logging is disabled globally
Running Approach 0 (one-shot 8:00 plan per day, executed open-loop, no replanning): 96 steps (1 day(s))
  plant                  : :sampled (stochastic -- realized power drawn from the shared pool)
  planning power (mu)    : [4.6, 3.3, 4.5, 0.0] kW
  plant sampling sd      : [1.0, 1.0, 1.5, 0.0] kW
  solver time limit      : none (solve to the MIP gap)
Approach 0 one-shot (plant = :sampled) done in 27.2 s (192 plant realizations, 1 day(s))
Running Approach 1 (closed-loop MPC, 15-min steps, shrinking horizon): 96 steps (1 day(s))
  plant                : :sampled (stochastic -- realized power drawn from the shared pool)
  planning power (mu)  : [4.6, 3.3, 4.5, 0.0] kW
  plant sampling sd    : [1.0, 1.0, 1.5, 0.0] kW
  solver time limit    : none (solve each window to the MIP gap)
Approach 1 (plant = :sampled) done in 64.0 s (192 plant realizations, 1 day(s))
  fixed power model (mu) : [4.6, 3.3, 4.5, 0.0] kW
  plant sampling sd      : [1.0, 1.0, 1.5, 0.0] kW

==== Scenario 1 closed-loop KPIs (full 24 h horizon: 08:00 -> 08:00 next day) ====
Total grid energy   : 42.14 kWh
Total energy cost   : $5.46
Total CO2 emissions : 11.88 kg
NC peak demand      : 2.66 kW
On-peak demand      : 0.00 kW
Missed work (hours) : 0.00
Labour (towing)     : $82.50  (2.75 h in transit @ $30.00/h)
CEV SOE at horizon  : [72.0, 48.47] kWh (target [72.0, 48.0])
MCS SOE at horizon  : [250.0] kWh (target [250.0])

==== Approach comparison (both fully realised) ====
A0 one-shot, sampled plant (open loop)  : $82.50  (1.75 h transit, 0.00 h missed)
A1 closed loop (re-planning)            : $115.14  (2.75 h transit, 0.00 h missed)
  A1 - A0 (value of re-planning)       : +32.64  (negative = A1 cheaper)

Results written to: C:\Users\shubh\Desktop\MPC\Approach 1\Shrinking_Horizon\output\synthetic
  Figures (v4_real style): 01..09 (09 = per-MCS power profiles)
  Reports: 08 KPI, replan_grids/*.csv+*.html,
           plan_vs_actual.html + plan_vs_actual_costs.png  (08:00 plan vs realised, financial)
           plan_vs_actual_activity.png, plan_vs_actual_side_by_side.html, plan_vs_actual_by_entity.html  (ACTIVITY)
           approach0_vs_approach1.html  (Approach 0 one-shot vs Approach 1 closed-loop, both fully
                                         realised; the A0 column is labelled by its plant mode, and a
                                         run-diagnostics table reports infeasible windows + SOE clamps)
  Console log: run_log.txt
