[ Info: [Turing]: progress logging is disabled globally
==============================================================================
INITIAL-SOE SWEEP (:input)  —  10 runs, SOE_CEV_ini in [2.96, 14.8] kWh
  each window solved to the MIP gap (time_limit_sec = Inf), seed = 1
==============================================================================

#################### run01_SOE_02.96 ####################
Running Approach 0 (one-shot 8:00 plan per day, executed open-loop, no replanning): 96 steps (1 day(s))
  plant                  : :sampled (stochastic -- realized power drawn from the shared pool)
  planning power (mu)    : [4.79, 3.16, 4.71, 0.0] kW
  plant sampling sd      : [0.2, 0.18, 0.38, 0.0] kW
  solver time limit      : none (solve to the MIP gap)
Approach 0 one-shot (plant = :sampled) done in 10.1 s (96 plant realizations, 1 day(s))
Running Approach 1 (closed-loop MPC, 15-min steps, shrinking horizon): 96 steps (1 day(s))
  plant                : :sampled (stochastic -- realized power drawn from the shared pool)
  planning power (mu)  : [4.79, 3.16, 4.71, 0.0] kW
  plant sampling sd    : [0.2, 0.18, 0.38, 0.0] kW
  solver time limit    : none (solve each window to the MIP gap)
Approach 1 (plant = :sampled) done in 22.0 s (96 plant realizations, 1 day(s))
  fixed power model (mu) : [4.79, 3.16, 4.71, 0.0] kW
  plant sampling sd      : [0.2, 0.18, 0.38, 0.0] kW
  SOE_ini=2.96  realised $1178.13 (plan $1175.68)  changed: CEV1=10 MCS=7 /96  feas=true
             A0(:sampled) $1175.68 -> A1 $1178.13 (+2.45)

#################### run02_SOE_04.28 ####################
Running Approach 0 (one-shot 8:00 plan per day, executed open-loop, no replanning): 96 steps (1 day(s))
  plant                  : :sampled (stochastic -- realized power drawn from the shared pool)
  planning power (mu)    : [4.79, 3.16, 4.71, 0.0] kW
  plant sampling sd      : [0.2, 0.18, 0.38, 0.0] kW
  solver time limit      : none (solve to the MIP gap)
Approach 0 one-shot (plant = :sampled) done in 3.2 s (96 plant realizations, 1 day(s))
Running Approach 1 (closed-loop MPC, 15-min steps, shrinking horizon): 96 steps (1 day(s))
  plant                : :sampled (stochastic -- realized power drawn from the shared pool)
  planning power (mu)  : [4.79, 3.16, 4.71, 0.0] kW
  plant sampling sd    : [0.2, 0.18, 0.38, 0.0] kW
  solver time limit    : none (solve each window to the MIP gap)
Approach 1 (plant = :sampled) done in 45.5 s (96 plant realizations, 1 day(s))
  fixed power model (mu) : [4.79, 3.16, 4.71, 0.0] kW
  plant sampling sd      : [0.2, 0.18, 0.38, 0.0] kW
  SOE_ini=4.28  realised $821.39 (plan $686.10)  changed: CEV1=4 MCS=2 /96  feas=true
             A0(:sampled) $686.10 -> A1 $821.39 (+135.29)

#################### run03_SOE_05.59 ####################
Running Approach 0 (one-shot 8:00 plan per day, executed open-loop, no replanning): 96 steps (1 day(s))
  plant                  : :sampled (stochastic -- realized power drawn from the shared pool)
  planning power (mu)    : [4.79, 3.16, 4.71, 0.0] kW
  plant sampling sd      : [0.2, 0.18, 0.38, 0.0] kW
  solver time limit      : none (solve to the MIP gap)
Approach 0 one-shot (plant = :sampled) done in 3.3 s (96 plant realizations, 1 day(s))
Running Approach 1 (closed-loop MPC, 15-min steps, shrinking horizon): 96 steps (1 day(s))
  plant                : :sampled (stochastic -- realized power drawn from the shared pool)
  planning power (mu)  : [4.79, 3.16, 4.71, 0.0] kW
  plant sampling sd    : [0.2, 0.18, 0.38, 0.0] kW
  solver time limit    : none (solve each window to the MIP gap)
Approach 1 (plant = :sampled) done in 47.4 s (96 plant realizations, 1 day(s))
  fixed power model (mu) : [4.79, 3.16, 4.71, 0.0] kW
  plant sampling sd      : [0.2, 0.18, 0.38, 0.0] kW
  SOE_ini=5.59  realised $821.35 (plan $686.10)  changed: CEV1=12 MCS=8 /96  feas=true
             A0(:sampled) $686.10 -> A1 $821.35 (+135.25)

#################### run04_SOE_06.91 ####################
Running Approach 0 (one-shot 8:00 plan per day, executed open-loop, no replanning): 96 steps (1 day(s))
  plant                  : :sampled (stochastic -- realized power drawn from the shared pool)
  planning power (mu)    : [4.79, 3.16, 4.71, 0.0] kW
  plant sampling sd      : [0.2, 0.18, 0.38, 0.0] kW
  solver time limit      : none (solve to the MIP gap)
Approach 0 one-shot (plant = :sampled) done in 1.7 s (96 plant realizations, 1 day(s))
Running Approach 1 (closed-loop MPC, 15-min steps, shrinking horizon): 96 steps (1 day(s))
  plant                : :sampled (stochastic -- realized power drawn from the shared pool)
  planning power (mu)  : [4.79, 3.16, 4.71, 0.0] kW
  plant sampling sd    : [0.2, 0.18, 0.38, 0.0] kW
  solver time limit    : none (solve each window to the MIP gap)
Approach 1 (plant = :sampled) done in 26.5 s (96 plant realizations, 1 day(s))
  fixed power model (mu) : [4.79, 3.16, 4.71, 0.0] kW
  plant sampling sd      : [0.2, 0.18, 0.38, 0.0] kW
  SOE_ini=6.91  realised $193.25 (plan $193.44)  changed: CEV1=16 MCS=15 /96  feas=true
             A0(:sampled) $193.44 -> A1 $193.25 (-0.20)

#################### run05_SOE_08.22 ####################
Running Approach 0 (one-shot 8:00 plan per day, executed open-loop, no replanning): 96 steps (1 day(s))
  plant                  : :sampled (stochastic -- realized power drawn from the shared pool)
  planning power (mu)    : [4.79, 3.16, 4.71, 0.0] kW
  plant sampling sd      : [0.2, 0.18, 0.38, 0.0] kW
  solver time limit      : none (solve to the MIP gap)
Approach 0 one-shot (plant = :sampled) done in 4.0 s (96 plant realizations, 1 day(s))
Running Approach 1 (closed-loop MPC, 15-min steps, shrinking horizon): 96 steps (1 day(s))
  plant                : :sampled (stochastic -- realized power drawn from the shared pool)
  planning power (mu)  : [4.79, 3.16, 4.71, 0.0] kW
  plant sampling sd    : [0.2, 0.18, 0.38, 0.0] kW
  solver time limit    : none (solve each window to the MIP gap)
Approach 1 (plant = :sampled) done in 37.1 s (96 plant realizations, 1 day(s))
  fixed power model (mu) : [4.79, 3.16, 4.71, 0.0] kW
  plant sampling sd      : [0.2, 0.18, 0.38, 0.0] kW
  SOE_ini=8.22  realised $193.25 (plan $193.44)  changed: CEV1=10 MCS=10 /96  feas=true
             A0(:sampled) $193.44 -> A1 $193.25 (-0.20)

#################### run06_SOE_09.54 ####################
Running Approach 0 (one-shot 8:00 plan per day, executed open-loop, no replanning): 96 steps (1 day(s))
  plant                  : :sampled (stochastic -- realized power drawn from the shared pool)
  planning power (mu)    : [4.79, 3.16, 4.71, 0.0] kW
  plant sampling sd      : [0.2, 0.18, 0.38, 0.0] kW
  solver time limit      : none (solve to the MIP gap)
Approach 0 one-shot (plant = :sampled) done in 2.4 s (96 plant realizations, 1 day(s))
Running Approach 1 (closed-loop MPC, 15-min steps, shrinking horizon): 96 steps (1 day(s))
  plant                : :sampled (stochastic -- realized power drawn from the shared pool)
  planning power (mu)  : [4.79, 3.16, 4.71, 0.0] kW
  plant sampling sd    : [0.2, 0.18, 0.38, 0.0] kW
  solver time limit    : none (solve each window to the MIP gap)
Approach 1 (plant = :sampled) done in 31.3 s (96 plant realizations, 1 day(s))
  fixed power model (mu) : [4.79, 3.16, 4.71, 0.0] kW
  plant sampling sd      : [0.2, 0.18, 0.38, 0.0] kW
  SOE_ini=9.54  realised $193.25 (plan $193.44)  changed: CEV1=4 MCS=4 /96  feas=true
             A0(:sampled) $193.44 -> A1 $193.25 (-0.20)

#################### run07_SOE_10.85 ####################
Running Approach 0 (one-shot 8:00 plan per day, executed open-loop, no replanning): 96 steps (1 day(s))
  plant                  : :sampled (stochastic -- realized power drawn from the shared pool)
  planning power (mu)    : [4.79, 3.16, 4.71, 0.0] kW
  plant sampling sd      : [0.2, 0.18, 0.38, 0.0] kW
  solver time limit      : none (solve to the MIP gap)
Approach 0 one-shot (plant = :sampled) done in 4.3 s (96 plant realizations, 1 day(s))
Running Approach 1 (closed-loop MPC, 15-min steps, shrinking horizon): 96 steps (1 day(s))
  plant                : :sampled (stochastic -- realized power drawn from the shared pool)
  planning power (mu)  : [4.79, 3.16, 4.71, 0.0] kW
  plant sampling sd    : [0.2, 0.18, 0.38, 0.0] kW
  solver time limit    : none (solve each window to the MIP gap)
Approach 1 (plant = :sampled) done in 30.0 s (96 plant realizations, 1 day(s))
  fixed power model (mu) : [4.79, 3.16, 4.71, 0.0] kW
  plant sampling sd      : [0.2, 0.18, 0.38, 0.0] kW
  SOE_ini=10.85  realised $193.25 (plan $193.44)  changed: CEV1=3 MCS=5 /96  feas=true
             A0(:sampled) $193.44 -> A1 $193.25 (-0.20)

#################### run08_SOE_12.17 ####################
Running Approach 0 (one-shot 8:00 plan per day, executed open-loop, no replanning): 96 steps (1 day(s))
  plant                  : :sampled (stochastic -- realized power drawn from the shared pool)
  planning power (mu)    : [4.79, 3.16, 4.71, 0.0] kW
  plant sampling sd      : [0.2, 0.18, 0.38, 0.0] kW
  solver time limit      : none (solve to the MIP gap)
Approach 0 one-shot (plant = :sampled) done in 4.6 s (96 plant realizations, 1 day(s))
Running Approach 1 (closed-loop MPC, 15-min steps, shrinking horizon): 96 steps (1 day(s))
  plant                : :sampled (stochastic -- realized power drawn from the shared pool)
  planning power (mu)  : [4.79, 3.16, 4.71, 0.0] kW
  plant sampling sd    : [0.2, 0.18, 0.38, 0.0] kW
  solver time limit    : none (solve each window to the MIP gap)
Approach 1 (plant = :sampled) done in 28.8 s (96 plant realizations, 1 day(s))
  fixed power model (mu) : [4.79, 3.16, 4.71, 0.0] kW
  plant sampling sd      : [0.2, 0.18, 0.38, 0.0] kW
  SOE_ini=12.17  realised $193.25 (plan $193.44)  changed: CEV1=9 MCS=7 /96  feas=true
             A0(:sampled) $193.44 -> A1 $193.25 (-0.20)

#################### run09_SOE_13.48 ####################
Running Approach 0 (one-shot 8:00 plan per day, executed open-loop, no replanning): 96 steps (1 day(s))
  plant                  : :sampled (stochastic -- realized power drawn from the shared pool)
  planning power (mu)    : [4.79, 3.16, 4.71, 0.0] kW
  plant sampling sd      : [0.2, 0.18, 0.38, 0.0] kW
  solver time limit      : none (solve to the MIP gap)
Approach 0 one-shot (plant = :sampled) done in 3.5 s (96 plant realizations, 1 day(s))
Running Approach 1 (closed-loop MPC, 15-min steps, shrinking horizon): 96 steps (1 day(s))
  plant                : :sampled (stochastic -- realized power drawn from the shared pool)
  planning power (mu)  : [4.79, 3.16, 4.71, 0.0] kW
  plant sampling sd    : [0.2, 0.18, 0.38, 0.0] kW
  solver time limit    : none (solve each window to the MIP gap)
Approach 1 (plant = :sampled) done in 39.3 s (96 plant realizations, 1 day(s))
  fixed power model (mu) : [4.79, 3.16, 4.71, 0.0] kW
  plant sampling sd      : [0.2, 0.18, 0.38, 0.0] kW
  SOE_ini=13.48  realised $193.25 (plan $193.44)  changed: CEV1=18 MCS=12 /96  feas=true
             A0(:sampled) $193.44 -> A1 $193.25 (-0.20)

#################### run10_SOE_14.80 ####################
Running Approach 0 (one-shot 8:00 plan per day, executed open-loop, no replanning): 96 steps (1 day(s))
  plant                  : :sampled (stochastic -- realized power drawn from the shared pool)
  planning power (mu)    : [4.79, 3.16, 4.71, 0.0] kW
  plant sampling sd      : [0.2, 0.18, 0.38, 0.0] kW
  solver time limit      : none (solve to the MIP gap)
Approach 0 one-shot (plant = :sampled) done in 3.3 s (96 plant realizations, 1 day(s))
Running Approach 1 (closed-loop MPC, 15-min steps, shrinking horizon): 96 steps (1 day(s))
  plant                : :sampled (stochastic -- realized power drawn from the shared pool)
  planning power (mu)  : [4.79, 3.16, 4.71, 0.0] kW
  plant sampling sd    : [0.2, 0.18, 0.38, 0.0] kW
  solver time limit    : none (solve each window to the MIP gap)
Approach 1 (plant = :sampled) done in 33.4 s (96 plant realizations, 1 day(s))
  fixed power model (mu) : [4.79, 3.16, 4.71, 0.0] kW
  plant sampling sd      : [0.2, 0.18, 0.38, 0.0] kW
  SOE_ini=14.80  realised $193.25 (plan $193.44)  changed: CEV1=18 MCS=15 /96  feas=true
             A0(:sampled) $193.44 -> A1 $193.25 (-0.20)

==============================================================================
SWEEP COMPLETE. Wrote 10 run folders + summary.html to:
  C:\Users\shubh\Desktop\MPC\Approach 1\Shrinking_Horizon\output\input_testing
==============================================================================
